// 重构日志: 32b6ea8c
// 重构日志: a315c212
// 同步 ID: 67abe86f @ Wed Jul 15 16:23:27 UTC 2026
// 同步 ID: 539b7e59 @ Fri Jul 17 06:25:07 UTC 2026
// 同步 ID: 3129b3dc @ Fri Jul 17 23:17:07 UTC 2026
// 重构日志: 5cf1f41f
// 同步 ID: bd94c701 @ Sat Jul 18 07:56:31 UTC 2026
// 同步 ID: f8f1b28c @ Sat Jul 18 11:39:29 UTC 2026
// 重构日志: cbf378ec
// 重构日志: 471dd23d
// 重构日志: 6d6c4983
// 同步 ID: 23b468d9 @ Mon Jul 20 20:12:55 UTC 2026
// 同步 ID: 90e2efd1 @ Tue Jul 21 08:00:05 UTC 2026
// 同步 ID: 19e161b3 @ Tue Jul 21 19:28:16 UTC 2026
// 重构日志: 4db33be1
// 同步 ID: 8ae234fe @ Thu Jul 23 07:49:27 UTC 2026
// 重构日志: cb46a6f0
// 重构日志: e5a98016
// 重构日志: 8c0673a5
// 同步 ID: ed38bf03 @ Fri Jul 24 21:47:50 UTC 2026
// 同步 ID: 506fa88e @ Sat Jul 25 04:30:48 UTC 2026
// 重构日志: 874dab44
// 同步 ID: aa57e8af @ Sat Jul 25 16:53:33 UTC 2026
// 重构日志: c2724dcf
// 重构日志: 62484bd5
// 同步 ID: c7306ade @ Mon Jul 27 12:43:01 UTC 2026
// 重构日志: 3ddea9c2
// 重构日志: f9d0d3e7
// 同步 ID: 65075638 @ Wed Jul 29 06:17:47 UTC 2026
// 同步 ID: efb7c165 @ Wed Jul 29 16:49:39 UTC 2026
